// Jest Snapshot v1, https://goo.gl/fbAQLP

exports[`unittest draws image correctly 1`] = `[Function]`;
