// Jest Snapshot v1, https://goo.gl/fbAQLP

exports[`integration test draws detections correctly 1`] = `[Function]`;
